// Jest Snapshot v1, https://goo.gl/fbAQLP

exports[`Pruebas en <GifGridItem /> debe mostrar <CounterApp /> correctamente 1`] = `
<div
  className="card animate__animated animate__bounce"
>
  <img
    alt="imagen"
    src="http://localhost/imagen.jpg"
  />
  <p>
    imagen
  </p>
</div>
`;
